Analysis & Synthesis report for Lab6
Tue Dec 20 16:16:23 2022
Quartus Prime Version 21.1.1 Build 850 06/23/2022 SJ Lite Edition


---------------------
; Table of Contents ;
---------------------
  1. Legal Notice
  2. Analysis & Synthesis Summary
  3. Analysis & Synthesis Settings
  4. Parallel Compilation
  5. Analysis & Synthesis Source Files Read
  6. Analysis & Synthesis Resource Usage Summary
  7. Analysis & Synthesis Resource Utilization by Entity
  8. User-Specified and Inferred Latches
  9. General Register Statistics
 10. Multiplexer Restructuring Statistics (Restructuring Performed)
 11. Parameter Settings for User Entity Instance: adder_tree_multiplier_with_en:A0|adder_tree_multiplier:A0|full_adder:F01
 12. Parameter Settings for User Entity Instance: adder_tree_multiplier_with_en:A0|adder_tree_multiplier:A0|full_adder:F02
 13. Parameter Settings for User Entity Instance: adder_tree_multiplier_with_en:A0|adder_tree_multiplier:A0|full_adder:F03
 14. Parameter Settings for User Entity Instance: adder_tree_multiplier_with_en:A0|adder_tree_multiplier:A0|full_adder:F04
 15. Parameter Settings for User Entity Instance: adder_tree_multiplier_with_en:A0|adder_tree_multiplier:A0|full_adder:F11
 16. Parameter Settings for User Entity Instance: adder_tree_multiplier_with_en:A0|adder_tree_multiplier:A0|full_adder:F12
 17. Parameter Settings for User Entity Instance: adder_tree_multiplier_with_en:A0|adder_tree_multiplier:A0|full_adder:F21
 18. Port Connectivity Checks: "adder_tree_multiplier_with_en:A0|adder_tree_multiplier:A0|full_adder:F21"
 19. Port Connectivity Checks: "adder_tree_multiplier_with_en:A0|adder_tree_multiplier:A0|full_adder:F12"
 20. Port Connectivity Checks: "adder_tree_multiplier_with_en:A0|adder_tree_multiplier:A0|full_adder:F11"
 21. Port Connectivity Checks: "adder_tree_multiplier_with_en:A0|adder_tree_multiplier:A0|full_adder:F04"
 22. Port Connectivity Checks: "adder_tree_multiplier_with_en:A0|adder_tree_multiplier:A0|full_adder:F03"
 23. Port Connectivity Checks: "adder_tree_multiplier_with_en:A0|adder_tree_multiplier:A0|full_adder:F02"
 24. Port Connectivity Checks: "adder_tree_multiplier_with_en:A0|adder_tree_multiplier:A0|full_adder:F01"
 25. Post-Synthesis Netlist Statistics for Top Partition
 26. Elapsed Time Per Partition
 27. Analysis & Synthesis Messages



----------------
; Legal Notice ;
----------------
Copyright (C) 2022  Intel Corporation. All rights reserved.
Your use of Intel Corporation's design tools, logic functions 
and other software and tools, and any partner logic 
functions, and any output files from any of the foregoing 
(including device programming or simulation files), and any 
associated documentation or information are expressly subject 
to the terms and conditions of the Intel Program License 
Subscription Agreement, the Intel Quartus Prime License Agreement,
the Intel FPGA IP License Agreement, or other applicable license
agreement, including, without limitation, that your use is for
the sole purpose of programming logic devices manufactured by
Intel and sold by Intel or its authorized distributors.  Please
refer to the applicable agreement for further details, at
https://fpgasoftware.intel.com/eula.



+----------------------------------------------------------------------------------+
; Analysis & Synthesis Summary                                                     ;
+------------------------------------+---------------------------------------------+
; Analysis & Synthesis Status        ; Successful - Tue Dec 20 16:16:23 2022       ;
; Quartus Prime Version              ; 21.1.1 Build 850 06/23/2022 SJ Lite Edition ;
; Revision Name                      ; Lab6                                        ;
; Top-level Entity Name              ; part5                                       ;
; Family                             ; Cyclone IV GX                               ;
; Total logic elements               ; 180                                         ;
;     Total combinational functions  ; 180                                         ;
;     Dedicated logic registers      ; 16                                          ;
; Total registers                    ; 16                                          ;
; Total pins                         ; 48                                          ;
; Total virtual pins                 ; 0                                           ;
; Total memory bits                  ; 0                                           ;
; Embedded Multiplier 9-bit elements ; 0                                           ;
; Total GXB Receiver Channel PCS     ; 0                                           ;
; Total GXB Receiver Channel PMA     ; 0                                           ;
; Total GXB Transmitter Channel PCS  ; 0                                           ;
; Total GXB Transmitter Channel PMA  ; 0                                           ;
; Total PLLs                         ; 0                                           ;
+------------------------------------+---------------------------------------------+


+------------------------------------------------------------------------------------------------------------+
; Analysis & Synthesis Settings                                                                              ;
+------------------------------------------------------------------+--------------------+--------------------+
; Option                                                           ; Setting            ; Default Value      ;
+------------------------------------------------------------------+--------------------+--------------------+
; Device                                                           ; EP4CGX150DF31C7    ;                    ;
; Top-level entity name                                            ; part5              ; Lab6               ;
; Family name                                                      ; Cyclone IV GX      ; Cyclone V          ;
; Use smart compilation                                            ; Off                ; Off                ;
; Enable parallel Assembler and Timing Analyzer during compilation ; On                 ; On                 ;
; Enable compact report table                                      ; Off                ; Off                ;
; Restructure Multiplexers                                         ; Auto               ; Auto               ;
; Create Debugging Nodes for IP Cores                              ; Off                ; Off                ;
; Preserve fewer node names                                        ; On                 ; On                 ;
; Intel FPGA IP Evaluation Mode                                    ; Enable             ; Enable             ;
; Verilog Version                                                  ; Verilog_2001       ; Verilog_2001       ;
; VHDL Version                                                     ; VHDL_1993          ; VHDL_1993          ;
; State Machine Processing                                         ; Auto               ; Auto               ;
; Safe State Machine                                               ; Off                ; Off                ;
; Extract Verilog State Machines                                   ; On                 ; On                 ;
; Extract VHDL State Machines                                      ; On                 ; On                 ;
; Ignore Verilog initial constructs                                ; Off                ; Off                ;
; Iteration limit for constant Verilog loops                       ; 5000               ; 5000               ;
; Iteration limit for non-constant Verilog loops                   ; 250                ; 250                ;
; Add Pass-Through Logic to Inferred RAMs                          ; On                 ; On                 ;
; Infer RAMs from Raw Logic                                        ; On                 ; On                 ;
; Parallel Synthesis                                               ; On                 ; On                 ;
; DSP Block Balancing                                              ; Auto               ; Auto               ;
; NOT Gate Push-Back                                               ; On                 ; On                 ;
; Power-Up Don't Care                                              ; On                 ; On                 ;
; Remove Redundant Logic Cells                                     ; Off                ; Off                ;
; Remove Duplicate Registers                                       ; On                 ; On                 ;
; Ignore CARRY Buffers                                             ; Off                ; Off                ;
; Ignore CASCADE Buffers                                           ; Off                ; Off                ;
; Ignore GLOBAL Buffers                                            ; Off                ; Off                ;
; Ignore ROW GLOBAL Buffers                                        ; Off                ; Off                ;
; Ignore LCELL Buffers                                             ; Off                ; Off                ;
; Ignore SOFT Buffers                                              ; On                 ; On                 ;
; Limit AHDL Integers to 32 Bits                                   ; Off                ; Off                ;
; Optimization Technique                                           ; Balanced           ; Balanced           ;
; Carry Chain Length                                               ; 70                 ; 70                 ;
; Auto Carry Chains                                                ; On                 ; On                 ;
; Auto Open-Drain Pins                                             ; On                 ; On                 ;
; Perform WYSIWYG Primitive Resynthesis                            ; Off                ; Off                ;
; Auto ROM Replacement                                             ; On                 ; On                 ;
; Auto RAM Replacement                                             ; On                 ; On                 ;
; Auto DSP Block Replacement                                       ; On                 ; On                 ;
; Auto Shift Register Replacement                                  ; Auto               ; Auto               ;
; Allow Shift Register Merging across Hierarchies                  ; Auto               ; Auto               ;
; Auto Clock Enable Replacement                                    ; On                 ; On                 ;
; Strict RAM Replacement                                           ; Off                ; Off                ;
; Allow Synchronous Control Signals                                ; On                 ; On                 ;
; Force Use of Synchronous Clear Signals                           ; Off                ; Off                ;
; Auto RAM Block Balancing                                         ; On                 ; On                 ;
; Auto RAM to Logic Cell Conversion                                ; Off                ; Off                ;
; Auto Resource Sharing                                            ; Off                ; Off                ;
; Allow Any RAM Size For Recognition                               ; Off                ; Off                ;
; Allow Any ROM Size For Recognition                               ; Off                ; Off                ;
; Allow Any Shift Register Size For Recognition                    ; Off                ; Off                ;
; Use LogicLock Constraints during Resource Balancing              ; On                 ; On                 ;
; Ignore translate_off and synthesis_off directives                ; Off                ; Off                ;
; Timing-Driven Synthesis                                          ; On                 ; On                 ;
; Report Parameter Settings                                        ; On                 ; On                 ;
; Report Source Assignments                                        ; On                 ; On                 ;
; Report Connectivity Checks                                       ; On                 ; On                 ;
; Ignore Maximum Fan-Out Assignments                               ; Off                ; Off                ;
; Synchronization Register Chain Length                            ; 2                  ; 2                  ;
; Power Optimization During Synthesis                              ; Normal compilation ; Normal compilation ;
; HDL message level                                                ; Level2             ; Level2             ;
; Suppress Register Optimization Related Messages                  ; Off                ; Off                ;
; Number of Removed Registers Reported in Synthesis Report         ; 5000               ; 5000               ;
; Number of Swept Nodes Reported in Synthesis Report               ; 5000               ; 5000               ;
; Number of Inverted Registers Reported in Synthesis Report        ; 100                ; 100                ;
; Clock MUX Protection                                             ; On                 ; On                 ;
; Auto Gated Clock Conversion                                      ; Off                ; Off                ;
; Block Design Naming                                              ; Auto               ; Auto               ;
; SDC constraint protection                                        ; Off                ; Off                ;
; Synthesis Effort                                                 ; Auto               ; Auto               ;
; Shift Register Replacement - Allow Asynchronous Clear Signal     ; On                 ; On                 ;
; Pre-Mapping Resynthesis Optimization                             ; Off                ; Off                ;
; Analysis & Synthesis Message Level                               ; Medium             ; Medium             ;
; Disable Register Merging Across Hierarchies                      ; Auto               ; Auto               ;
; Resource Aware Inference For Block RAM                           ; On                 ; On                 ;
+------------------------------------------------------------------+--------------------+--------------------+


+------------------------------------------+
; Parallel Compilation                     ;
+----------------------------+-------------+
; Processors                 ; Number      ;
+----------------------------+-------------+
; Number detected on machine ; 12          ;
; Maximum allowed            ; 6           ;
;                            ;             ;
; Average used               ; 1.00        ;
; Maximum used               ; 6           ;
;                            ;             ;
; Usage by Processor         ; % Time Used ;
;     Processor 1            ; 100.0%      ;
;     Processors 2-6         ;   0.0%      ;
+----------------------------+-------------+


+------------------------------------------------------------------------------------------------------------------------------------------------------------+
; Analysis & Synthesis Source Files Read                                                                                                                     ;
+----------------------------------+-----------------+------------------------+--------------------------------------------------------------------+---------+
; File Name with User-Entered Path ; Used in Netlist ; File Type              ; File Name with Absolute Path                                       ; Library ;
+----------------------------------+-----------------+------------------------+--------------------------------------------------------------------+---------+
; Part5.v                          ; yes             ; User Verilog HDL File  ; C:/Users/ADMIN/Documents/FPGA/Lab6/Part5.v                         ;         ;
; displayHEX.v                     ; yes             ; User Verilog HDL File  ; C:/Users/ADMIN/Documents/FPGA/Lab6/displayHEX.v                    ;         ;
; full_adder.v                     ; yes             ; User Verilog HDL File  ; C:/Users/ADMIN/Documents/FPGA/Lab6/full_adder.v                    ;         ;
; adder_tree_multiplier.v          ; yes             ; User Verilog HDL File  ; C:/Users/ADMIN/Documents/FPGA/Lab6/adder_tree_multiplier.v         ;         ;
; adder_tree_multiplier_with_en.v  ; yes             ; User Verilog HDL File  ; C:/Users/ADMIN/Documents/FPGA/Lab6/adder_tree_multiplier_with_en.v ;         ;
+----------------------------------+-----------------+------------------------+--------------------------------------------------------------------+---------+


+---------------------------------------------+
; Analysis & Synthesis Resource Usage Summary ;
+--------------------------+------------------+
; Resource                 ; Usage            ;
+--------------------------+------------------+
; I/O pins                 ; 48               ;
;                          ;                  ;
; DSP block 9-bit elements ; 0                ;
;                          ;                  ;
; Maximum fan-out node     ; SW[8]~input      ;
; Maximum fan-out          ; 16               ;
; Total fan-out            ; 625              ;
; Average fan-out          ; 2.14             ;
+--------------------------+------------------+


+---------------------------------------------------------------------------------------------------------------------------------------------------------------------------------------------------------------------------------------------------------------------------------------------------------------+
; Analysis & Synthesis Resource Utilization by Entity                                                                                                                                                                                                                                                           ;
+---------------------------------------+---------------------+---------------------------+-------------+--------------+---------+-----------+-----------+------+--------------+---------------------------------------------------------------------------------+-------------------------------+--------------+
; Compilation Hierarchy Node            ; Combinational ALUTs ; Dedicated Logic Registers ; Memory Bits ; DSP Elements ; DSP 9x9 ; DSP 18x18 ; DSP 36x36 ; Pins ; Virtual Pins ; Full Hierarchy Name                                                             ; Entity Name                   ; Library Name ;
+---------------------------------------+---------------------+---------------------------+-------------+--------------+---------+-----------+-----------+------+--------------+---------------------------------------------------------------------------------+-------------------------------+--------------+
; |part5                                ; 180 (0)             ; 16 (0)                    ; 0           ; 0            ; 0       ; 0         ; 0         ; 48   ; 0            ; |part5                                                                          ; part5                         ; work         ;
;    |adder_tree_multiplier_with_en:A0| ; 152 (36)            ; 16 (16)                   ; 0           ; 0            ; 0       ; 0         ; 0         ; 0    ; 0            ; |part5|adder_tree_multiplier_with_en:A0                                         ; adder_tree_multiplier_with_en ; work         ;
;       |adder_tree_multiplier:A0|      ; 116 (60)            ; 0 (0)                     ; 0           ; 0            ; 0       ; 0         ; 0         ; 0    ; 0            ; |part5|adder_tree_multiplier_with_en:A0|adder_tree_multiplier:A0                ; adder_tree_multiplier         ; work         ;
;          |full_adder:F01|             ; 9 (9)               ; 0 (0)                     ; 0           ; 0            ; 0       ; 0         ; 0         ; 0    ; 0            ; |part5|adder_tree_multiplier_with_en:A0|adder_tree_multiplier:A0|full_adder:F01 ; full_adder                    ; work         ;
;          |full_adder:F02|             ; 9 (9)               ; 0 (0)                     ; 0           ; 0            ; 0       ; 0         ; 0         ; 0    ; 0            ; |part5|adder_tree_multiplier_with_en:A0|adder_tree_multiplier:A0|full_adder:F02 ; full_adder                    ; work         ;
;          |full_adder:F03|             ; 9 (9)               ; 0 (0)                     ; 0           ; 0            ; 0       ; 0         ; 0         ; 0    ; 0            ; |part5|adder_tree_multiplier_with_en:A0|adder_tree_multiplier:A0|full_adder:F03 ; full_adder                    ; work         ;
;          |full_adder:F04|             ; 9 (9)               ; 0 (0)                     ; 0           ; 0            ; 0       ; 0         ; 0         ; 0    ; 0            ; |part5|adder_tree_multiplier_with_en:A0|adder_tree_multiplier:A0|full_adder:F04 ; full_adder                    ; work         ;
;          |full_adder:F11|             ; 10 (10)             ; 0 (0)                     ; 0           ; 0            ; 0       ; 0         ; 0         ; 0    ; 0            ; |part5|adder_tree_multiplier_with_en:A0|adder_tree_multiplier:A0|full_adder:F11 ; full_adder                    ; work         ;
;          |full_adder:F12|             ; 10 (10)             ; 0 (0)                     ; 0           ; 0            ; 0       ; 0         ; 0         ; 0    ; 0            ; |part5|adder_tree_multiplier_with_en:A0|adder_tree_multiplier:A0|full_adder:F12 ; full_adder                    ; work         ;
;    |displayHEX:H0|                    ; 7 (7)               ; 0 (0)                     ; 0           ; 0            ; 0       ; 0         ; 0         ; 0    ; 0            ; |part5|displayHEX:H0                                                            ; displayHEX                    ; work         ;
;    |displayHEX:H1|                    ; 7 (7)               ; 0 (0)                     ; 0           ; 0            ; 0       ; 0         ; 0         ; 0    ; 0            ; |part5|displayHEX:H1                                                            ; displayHEX                    ; work         ;
;    |displayHEX:H2|                    ; 7 (7)               ; 0 (0)                     ; 0           ; 0            ; 0       ; 0         ; 0         ; 0    ; 0            ; |part5|displayHEX:H2                                                            ; displayHEX                    ; work         ;
;    |displayHEX:H3|                    ; 7 (7)               ; 0 (0)                     ; 0           ; 0            ; 0       ; 0         ; 0         ; 0    ; 0            ; |part5|displayHEX:H3                                                            ; displayHEX                    ; work         ;
+---------------------------------------+---------------------+---------------------------+-------------+--------------+---------+-----------+-----------+------+--------------+---------------------------------------------------------------------------------+-------------------------------+--------------+
Note: For table entries with two numbers listed, the numbers in parentheses indicate the number of resources of the given type used by the specific entity alone. The numbers listed outside of parentheses indicate the total resources of the given type used by the specific entity and all of its sub-entities in the hierarchy.


+----------------------------------------------------------------------------------------------------+
; User-Specified and Inferred Latches                                                                ;
+-----------------------------------------------------+---------------------+------------------------+
; Latch Name                                          ; Latch Enable Signal ; Free of Timing Hazards ;
+-----------------------------------------------------+---------------------+------------------------+
; adder_tree_multiplier_with_en:A0|B[0]               ; SW[8]               ; yes                    ;
; adder_tree_multiplier_with_en:A0|A[0]               ; SW[9]               ; yes                    ;
; adder_tree_multiplier_with_en:A0|B[1]               ; SW[8]               ; yes                    ;
; adder_tree_multiplier_with_en:A0|A[1]               ; SW[9]               ; yes                    ;
; adder_tree_multiplier_with_en:A0|B[2]               ; SW[8]               ; yes                    ;
; adder_tree_multiplier_with_en:A0|A[2]               ; SW[9]               ; yes                    ;
; adder_tree_multiplier_with_en:A0|B[3]               ; SW[8]               ; yes                    ;
; adder_tree_multiplier_with_en:A0|A[3]               ; SW[9]               ; yes                    ;
; adder_tree_multiplier_with_en:A0|B[4]               ; SW[8]               ; yes                    ;
; adder_tree_multiplier_with_en:A0|A[4]               ; SW[9]               ; yes                    ;
; adder_tree_multiplier_with_en:A0|B[5]               ; SW[8]               ; yes                    ;
; adder_tree_multiplier_with_en:A0|A[5]               ; SW[9]               ; yes                    ;
; adder_tree_multiplier_with_en:A0|B[6]               ; SW[8]               ; yes                    ;
; adder_tree_multiplier_with_en:A0|A[6]               ; SW[9]               ; yes                    ;
; adder_tree_multiplier_with_en:A0|B[7]               ; SW[8]               ; yes                    ;
; adder_tree_multiplier_with_en:A0|A[7]               ; SW[9]               ; yes                    ;
; Number of user-specified and inferred latches = 16  ;                     ;                        ;
+-----------------------------------------------------+---------------------+------------------------+
Note: All latches listed above may not be present at the end of synthesis due to various synthesis optimizations.


+------------------------------------------------------+
; General Register Statistics                          ;
+----------------------------------------------+-------+
; Statistic                                    ; Value ;
+----------------------------------------------+-------+
; Total registers                              ; 16    ;
; Number of registers using Synchronous Clear  ; 0     ;
; Number of registers using Synchronous Load   ; 0     ;
; Number of registers using Asynchronous Clear ; 16    ;
; Number of registers using Asynchronous Load  ; 0     ;
; Number of registers using Clock Enable       ; 0     ;
; Number of registers using Preset             ; 0     ;
+----------------------------------------------+-------+


+------------------------------------------------------------------------------------------------------------------------------------------------------------------+
; Multiplexer Restructuring Statistics (Restructuring Performed)                                                                                                   ;
+--------------------+-----------+---------------+----------------------+------------------------+------------+----------------------------------------------------+
; Multiplexer Inputs ; Bus Width ; Baseline Area ; Area if Restructured ; Saving if Restructured ; Registered ; Example Multiplexer Output                         ;
+--------------------+-----------+---------------+----------------------+------------------------+------------+----------------------------------------------------+
; 3:1                ; 8 bits    ; 16 LEs        ; 16 LEs               ; 0 LEs                  ; No         ; |part5|adder_tree_multiplier_with_en:A0|display[0] ;
+--------------------+-----------+---------------+----------------------+------------------------+------------+----------------------------------------------------+


+-----------------------------------------------------------------------------------------------------------------------+
; Parameter Settings for User Entity Instance: adder_tree_multiplier_with_en:A0|adder_tree_multiplier:A0|full_adder:F01 ;
+----------------+-------+----------------------------------------------------------------------------------------------+
; Parameter Name ; Value ; Type                                                                                         ;
+----------------+-------+----------------------------------------------------------------------------------------------+
; n              ; 8     ; Signed Integer                                                                               ;
+----------------+-------+----------------------------------------------------------------------------------------------+
Note: In order to hide this table in the UI and the text report file, please set the "Show Parameter Settings in Synthesis Report" option in "Analysis and Synthesis Settings -> More Settings" to "Off".


+-----------------------------------------------------------------------------------------------------------------------+
; Parameter Settings for User Entity Instance: adder_tree_multiplier_with_en:A0|adder_tree_multiplier:A0|full_adder:F02 ;
+----------------+-------+----------------------------------------------------------------------------------------------+
; Parameter Name ; Value ; Type                                                                                         ;
+----------------+-------+----------------------------------------------------------------------------------------------+
; n              ; 8     ; Signed Integer                                                                               ;
+----------------+-------+----------------------------------------------------------------------------------------------+
Note: In order to hide this table in the UI and the text report file, please set the "Show Parameter Settings in Synthesis Report" option in "Analysis and Synthesis Settings -> More Settings" to "Off".


+-----------------------------------------------------------------------------------------------------------------------+
; Parameter Settings for User Entity Instance: adder_tree_multiplier_with_en:A0|adder_tree_multiplier:A0|full_adder:F03 ;
+----------------+-------+----------------------------------------------------------------------------------------------+
; Parameter Name ; Value ; Type                                                                                         ;
+----------------+-------+----------------------------------------------------------------------------------------------+
; n              ; 8     ; Signed Integer                                                                               ;
+----------------+-------+----------------------------------------------------------------------------------------------+
Note: In order to hide this table in the UI and the text report file, please set the "Show Parameter Settings in Synthesis Report" option in "Analysis and Synthesis Settings -> More Settings" to "Off".


+-----------------------------------------------------------------------------------------------------------------------+
; Parameter Settings for User Entity Instance: adder_tree_multiplier_with_en:A0|adder_tree_multiplier:A0|full_adder:F04 ;
+----------------+-------+----------------------------------------------------------------------------------------------+
; Parameter Name ; Value ; Type                                                                                         ;
+----------------+-------+----------------------------------------------------------------------------------------------+
; n              ; 8     ; Signed Integer                                                                               ;
+----------------+-------+----------------------------------------------------------------------------------------------+
Note: In order to hide this table in the UI and the text report file, please set the "Show Parameter Settings in Synthesis Report" option in "Analysis and Synthesis Settings -> More Settings" to "Off".


+-----------------------------------------------------------------------------------------------------------------------+
; Parameter Settings for User Entity Instance: adder_tree_multiplier_with_en:A0|adder_tree_multiplier:A0|full_adder:F11 ;
+----------------+-------+----------------------------------------------------------------------------------------------+
; Parameter Name ; Value ; Type                                                                                         ;
+----------------+-------+----------------------------------------------------------------------------------------------+
; n              ; 10    ; Signed Integer                                                                               ;
+----------------+-------+----------------------------------------------------------------------------------------------+
Note: In order to hide this table in the UI and the text report file, please set the "Show Parameter Settings in Synthesis Report" option in "Analysis and Synthesis Settings -> More Settings" to "Off".


+-----------------------------------------------------------------------------------------------------------------------+
; Parameter Settings for User Entity Instance: adder_tree_multiplier_with_en:A0|adder_tree_multiplier:A0|full_adder:F12 ;
+----------------+-------+----------------------------------------------------------------------------------------------+
; Parameter Name ; Value ; Type                                                                                         ;
+----------------+-------+----------------------------------------------------------------------------------------------+
; n              ; 10    ; Signed Integer                                                                               ;
+----------------+-------+----------------------------------------------------------------------------------------------+
Note: In order to hide this table in the UI and the text report file, please set the "Show Parameter Settings in Synthesis Report" option in "Analysis and Synthesis Settings -> More Settings" to "Off".


+-----------------------------------------------------------------------------------------------------------------------+
; Parameter Settings for User Entity Instance: adder_tree_multiplier_with_en:A0|adder_tree_multiplier:A0|full_adder:F21 ;
+----------------+-------+----------------------------------------------------------------------------------------------+
; Parameter Name ; Value ; Type                                                                                         ;
+----------------+-------+----------------------------------------------------------------------------------------------+
; n              ; 12    ; Signed Integer                                                                               ;
+----------------+-------+----------------------------------------------------------------------------------------------+
Note: In order to hide this table in the UI and the text report file, please set the "Show Parameter Settings in Synthesis Report" option in "Analysis and Synthesis Settings -> More Settings" to "Off".


+-------------------------------------------------------------------------------------------------------------------------------------------------------------------------------------------------------------------+
; Port Connectivity Checks: "adder_tree_multiplier_with_en:A0|adder_tree_multiplier:A0|full_adder:F21"                                                                                                              ;
+----------+--------+----------+------------------------------------------------------------------------------------------------------------------------------------------------------------------------------------+
; Port     ; Type   ; Severity ; Details                                                                                                                                                                            ;
+----------+--------+----------+------------------------------------------------------------------------------------------------------------------------------------------------------------------------------------+
; A[11..8] ; Input  ; Info     ; Stuck at GND                                                                                                                                                                       ;
; Cin      ; Input  ; Warning  ; Input port expression (32 bits) is wider than the input port (1 bits) it drives.  The 31 most-significant bit(s) in the expression will be dangling if they have no other fanouts. ;
; Cin[-1]  ; Input  ; Info     ; Stuck at GND                                                                                                                                                                       ;
; Cout     ; Output ; Info     ; Connected to dangling logic. Logic that only feeds a dangling port will be removed.                                                                                                ;
+----------+--------+----------+------------------------------------------------------------------------------------------------------------------------------------------------------------------------------------+


+------------------------------------------------------------------------------------------------------------------------------------------------------------------------------------------------------------------+
; Port Connectivity Checks: "adder_tree_multiplier_with_en:A0|adder_tree_multiplier:A0|full_adder:F12"                                                                                                             ;
+---------+--------+----------+------------------------------------------------------------------------------------------------------------------------------------------------------------------------------------+
; Port    ; Type   ; Severity ; Details                                                                                                                                                                            ;
+---------+--------+----------+------------------------------------------------------------------------------------------------------------------------------------------------------------------------------------+
; A[9..8] ; Input  ; Info     ; Stuck at GND                                                                                                                                                                       ;
; Cin     ; Input  ; Warning  ; Input port expression (32 bits) is wider than the input port (1 bits) it drives.  The 31 most-significant bit(s) in the expression will be dangling if they have no other fanouts. ;
; Cin[-1] ; Input  ; Info     ; Stuck at GND                                                                                                                                                                       ;
; Cout    ; Output ; Info     ; Connected to dangling logic. Logic that only feeds a dangling port will be removed.                                                                                                ;
+---------+--------+----------+------------------------------------------------------------------------------------------------------------------------------------------------------------------------------------+


+------------------------------------------------------------------------------------------------------------------------------------------------------------------------------------------------------------------+
; Port Connectivity Checks: "adder_tree_multiplier_with_en:A0|adder_tree_multiplier:A0|full_adder:F11"                                                                                                             ;
+---------+--------+----------+------------------------------------------------------------------------------------------------------------------------------------------------------------------------------------+
; Port    ; Type   ; Severity ; Details                                                                                                                                                                            ;
+---------+--------+----------+------------------------------------------------------------------------------------------------------------------------------------------------------------------------------------+
; A[9..8] ; Input  ; Info     ; Stuck at GND                                                                                                                                                                       ;
; Cin     ; Input  ; Warning  ; Input port expression (32 bits) is wider than the input port (1 bits) it drives.  The 31 most-significant bit(s) in the expression will be dangling if they have no other fanouts. ;
; Cin[-1] ; Input  ; Info     ; Stuck at GND                                                                                                                                                                       ;
; Cout    ; Output ; Info     ; Connected to dangling logic. Logic that only feeds a dangling port will be removed.                                                                                                ;
+---------+--------+----------+------------------------------------------------------------------------------------------------------------------------------------------------------------------------------------+


+-----------------------------------------------------------------------------------------------------------------------------------------------------------------------------------------------------------------+
; Port Connectivity Checks: "adder_tree_multiplier_with_en:A0|adder_tree_multiplier:A0|full_adder:F04"                                                                                                            ;
+---------+-------+----------+------------------------------------------------------------------------------------------------------------------------------------------------------------------------------------+
; Port    ; Type  ; Severity ; Details                                                                                                                                                                            ;
+---------+-------+----------+------------------------------------------------------------------------------------------------------------------------------------------------------------------------------------+
; A[7]    ; Input ; Info     ; Stuck at GND                                                                                                                                                                       ;
; Cin     ; Input ; Warning  ; Input port expression (32 bits) is wider than the input port (1 bits) it drives.  The 31 most-significant bit(s) in the expression will be dangling if they have no other fanouts. ;
; Cin[-1] ; Input ; Info     ; Stuck at GND                                                                                                                                                                       ;
+---------+-------+----------+------------------------------------------------------------------------------------------------------------------------------------------------------------------------------------+


+-----------------------------------------------------------------------------------------------------------------------------------------------------------------------------------------------------------------+
; Port Connectivity Checks: "adder_tree_multiplier_with_en:A0|adder_tree_multiplier:A0|full_adder:F03"                                                                                                            ;
+---------+-------+----------+------------------------------------------------------------------------------------------------------------------------------------------------------------------------------------+
; Port    ; Type  ; Severity ; Details                                                                                                                                                                            ;
+---------+-------+----------+------------------------------------------------------------------------------------------------------------------------------------------------------------------------------------+
; A[7]    ; Input ; Info     ; Stuck at GND                                                                                                                                                                       ;
; Cin     ; Input ; Warning  ; Input port expression (32 bits) is wider than the input port (1 bits) it drives.  The 31 most-significant bit(s) in the expression will be dangling if they have no other fanouts. ;
; Cin[-1] ; Input ; Info     ; Stuck at GND                                                                                                                                                                       ;
+---------+-------+----------+------------------------------------------------------------------------------------------------------------------------------------------------------------------------------------+


+-----------------------------------------------------------------------------------------------------------------------------------------------------------------------------------------------------------------+
; Port Connectivity Checks: "adder_tree_multiplier_with_en:A0|adder_tree_multiplier:A0|full_adder:F02"                                                                                                            ;
+---------+-------+----------+------------------------------------------------------------------------------------------------------------------------------------------------------------------------------------+
; Port    ; Type  ; Severity ; Details                                                                                                                                                                            ;
+---------+-------+----------+------------------------------------------------------------------------------------------------------------------------------------------------------------------------------------+
; A[7]    ; Input ; Info     ; Stuck at GND                                                                                                                                                                       ;
; Cin     ; Input ; Warning  ; Input port expression (32 bits) is wider than the input port (1 bits) it drives.  The 31 most-significant bit(s) in the expression will be dangling if they have no other fanouts. ;
; Cin[-1] ; Input ; Info     ; Stuck at GND                                                                                                                                                                       ;
+---------+-------+----------+------------------------------------------------------------------------------------------------------------------------------------------------------------------------------------+


+-----------------------------------------------------------------------------------------------------------------------------------------------------------------------------------------------------------------+
; Port Connectivity Checks: "adder_tree_multiplier_with_en:A0|adder_tree_multiplier:A0|full_adder:F01"                                                                                                            ;
+---------+-------+----------+------------------------------------------------------------------------------------------------------------------------------------------------------------------------------------+
; Port    ; Type  ; Severity ; Details                                                                                                                                                                            ;
+---------+-------+----------+------------------------------------------------------------------------------------------------------------------------------------------------------------------------------------+
; A[7]    ; Input ; Info     ; Stuck at GND                                                                                                                                                                       ;
; Cin     ; Input ; Warning  ; Input port expression (32 bits) is wider than the input port (1 bits) it drives.  The 31 most-significant bit(s) in the expression will be dangling if they have no other fanouts. ;
; Cin[-1] ; Input ; Info     ; Stuck at GND                                                                                                                                                                       ;
+---------+-------+----------+------------------------------------------------------------------------------------------------------------------------------------------------------------------------------------+


+-----------------------------------------------------+
; Post-Synthesis Netlist Statistics for Top Partition ;
+-----------------------+-----------------------------+
; Type                  ; Count                       ;
+-----------------------+-----------------------------+
; boundary_port         ; 48                          ;
; cycloneiii_ff         ; 16                          ;
;     CLR               ; 16                          ;
; cycloneiii_lcell_comb ; 184                         ;
;     arith             ; 61                          ;
;         2 data inputs ; 5                           ;
;         3 data inputs ; 56                          ;
;     normal            ; 123                         ;
;         0 data inputs ; 4                           ;
;         1 data inputs ; 7                           ;
;         2 data inputs ; 60                          ;
;         3 data inputs ; 16                          ;
;         4 data inputs ; 36                          ;
;                       ;                             ;
; Max LUT depth         ; 5.40                        ;
; Average LUT depth     ; 3.88                        ;
+-----------------------+-----------------------------+


+-------------------------------+
; Elapsed Time Per Partition    ;
+----------------+--------------+
; Partition Name ; Elapsed Time ;
+----------------+--------------+
; Top            ; 00:00:00     ;
+----------------+--------------+


+-------------------------------+
; Analysis & Synthesis Messages ;
+-------------------------------+
Info: *******************************************************************
Info: Running Quartus Prime Analysis & Synthesis
    Info: Version 21.1.1 Build 850 06/23/2022 SJ Lite Edition
    Info: Processing started: Tue Dec 20 16:16:18 2022
Info: Command: quartus_map --read_settings_files=on --write_settings_files=off Lab6 -c Lab6
Warning (18236): Number of processors has not been specified which may cause overloading on shared machines.  Set the global assignment NUM_PARALLEL_PROCESSORS in your QSF to an appropriate value for best performance.
Info (20030): Parallel compilation is enabled and will use 6 of the 6 processors detected
Info (12021): Found 1 design units, including 1 entities, in source file part5.v
    Info (12023): Found entity 1: part5 File: C:/Users/ADMIN/Documents/FPGA/Lab6/Part5.v Line: 1
Info (12021): Found 1 design units, including 1 entities, in source file part4.v
    Info (12023): Found entity 1: part4 File: C:/Users/ADMIN/Documents/FPGA/Lab6/Part4.v Line: 1
Info (12021): Found 1 design units, including 1 entities, in source file part3.v
    Info (12023): Found entity 1: part3 File: C:/Users/ADMIN/Documents/FPGA/Lab6/Part3.v Line: 1
Info (12021): Found 1 design units, including 1 entities, in source file part2.v
    Info (12023): Found entity 1: part2 File: C:/Users/ADMIN/Documents/FPGA/Lab6/Part2.v Line: 1
Info (12021): Found 1 design units, including 1 entities, in source file part1.v
    Info (12023): Found entity 1: part1 File: C:/Users/ADMIN/Documents/FPGA/Lab6/Part1.v Line: 1
Info (12021): Found 1 design units, including 1 entities, in source file multiplier_with_en.v
    Info (12023): Found entity 1: multiplier_with_en File: C:/Users/ADMIN/Documents/FPGA/Lab6/multiplier_with_en.v Line: 1
Info (12021): Found 1 design units, including 1 entities, in source file multiplier.v
    Info (12023): Found entity 1: multiplier File: C:/Users/ADMIN/Documents/FPGA/Lab6/multiplier.v Line: 1
Info (12021): Found 1 design units, including 1 entities, in source file displayhex.v
    Info (12023): Found entity 1: displayHEX File: C:/Users/ADMIN/Documents/FPGA/Lab6/displayHEX.v Line: 1
Info (12021): Found 1 design units, including 1 entities, in source file accumulator_ex.v
    Info (12023): Found entity 1: accumulator_ex File: C:/Users/ADMIN/Documents/FPGA/Lab6/accumulator_ex.v Line: 1
Info (12021): Found 1 design units, including 1 entities, in source file accumulator.v
    Info (12023): Found entity 1: accumulator File: C:/Users/ADMIN/Documents/FPGA/Lab6/accumulator.v Line: 1
Info (12021): Found 1 design units, including 1 entities, in source file full_adder.v
    Info (12023): Found entity 1: full_adder File: C:/Users/ADMIN/Documents/FPGA/Lab6/full_adder.v Line: 1
Info (12021): Found 1 design units, including 1 entities, in source file adder_tree_multiplier.v
    Info (12023): Found entity 1: adder_tree_multiplier File: C:/Users/ADMIN/Documents/FPGA/Lab6/adder_tree_multiplier.v Line: 1
Info (12021): Found 1 design units, including 1 entities, in source file lab6part5_test.bdf
    Info (12023): Found entity 1: Lab6Part5_Test
Info (12021): Found 1 design units, including 1 entities, in source file adder_tree_multiplier_with_en.v
    Info (12023): Found entity 1: adder_tree_multiplier_with_en File: C:/Users/ADMIN/Documents/FPGA/Lab6/adder_tree_multiplier_with_en.v Line: 1
Info (12127): Elaborating entity "part5" for the top level hierarchy
Info (12128): Elaborating entity "adder_tree_multiplier_with_en" for hierarchy "adder_tree_multiplier_with_en:A0" File: C:/Users/ADMIN/Documents/FPGA/Lab6/Part5.v Line: 10
Warning (10240): Verilog HDL Always Construct warning at adder_tree_multiplier_with_en.v(22): inferring latch(es) for variable "A", which holds its previous value in one or more paths through the always construct File: C:/Users/ADMIN/Documents/FPGA/Lab6/adder_tree_multiplier_with_en.v Line: 22
Warning (10240): Verilog HDL Always Construct warning at adder_tree_multiplier_with_en.v(22): inferring latch(es) for variable "B", which holds its previous value in one or more paths through the always construct File: C:/Users/ADMIN/Documents/FPGA/Lab6/adder_tree_multiplier_with_en.v Line: 22
Info (10041): Inferred latch for "B[0]" at adder_tree_multiplier_with_en.v(26) File: C:/Users/ADMIN/Documents/FPGA/Lab6/adder_tree_multiplier_with_en.v Line: 26
Info (10041): Inferred latch for "B[1]" at adder_tree_multiplier_with_en.v(26) File: C:/Users/ADMIN/Documents/FPGA/Lab6/adder_tree_multiplier_with_en.v Line: 26
Info (10041): Inferred latch for "B[2]" at adder_tree_multiplier_with_en.v(26) File: C:/Users/ADMIN/Documents/FPGA/Lab6/adder_tree_multiplier_with_en.v Line: 26
Info (10041): Inferred latch for "B[3]" at adder_tree_multiplier_with_en.v(26) File: C:/Users/ADMIN/Documents/FPGA/Lab6/adder_tree_multiplier_with_en.v Line: 26
Info (10041): Inferred latch for "B[4]" at adder_tree_multiplier_with_en.v(26) File: C:/Users/ADMIN/Documents/FPGA/Lab6/adder_tree_multiplier_with_en.v Line: 26
Info (10041): Inferred latch for "B[5]" at adder_tree_multiplier_with_en.v(26) File: C:/Users/ADMIN/Documents/FPGA/Lab6/adder_tree_multiplier_with_en.v Line: 26
Info (10041): Inferred latch for "B[6]" at adder_tree_multiplier_with_en.v(26) File: C:/Users/ADMIN/Documents/FPGA/Lab6/adder_tree_multiplier_with_en.v Line: 26
Info (10041): Inferred latch for "B[7]" at adder_tree_multiplier_with_en.v(26) File: C:/Users/ADMIN/Documents/FPGA/Lab6/adder_tree_multiplier_with_en.v Line: 26
Info (10041): Inferred latch for "A[0]" at adder_tree_multiplier_with_en.v(23) File: C:/Users/ADMIN/Documents/FPGA/Lab6/adder_tree_multiplier_with_en.v Line: 23
Info (10041): Inferred latch for "A[1]" at adder_tree_multiplier_with_en.v(23) File: C:/Users/ADMIN/Documents/FPGA/Lab6/adder_tree_multiplier_with_en.v Line: 23
Info (10041): Inferred latch for "A[2]" at adder_tree_multiplier_with_en.v(23) File: C:/Users/ADMIN/Documents/FPGA/Lab6/adder_tree_multiplier_with_en.v Line: 23
Info (10041): Inferred latch for "A[3]" at adder_tree_multiplier_with_en.v(23) File: C:/Users/ADMIN/Documents/FPGA/Lab6/adder_tree_multiplier_with_en.v Line: 23
Info (10041): Inferred latch for "A[4]" at adder_tree_multiplier_with_en.v(23) File: C:/Users/ADMIN/Documents/FPGA/Lab6/adder_tree_multiplier_with_en.v Line: 23
Info (10041): Inferred latch for "A[5]" at adder_tree_multiplier_with_en.v(23) File: C:/Users/ADMIN/Documents/FPGA/Lab6/adder_tree_multiplier_with_en.v Line: 23
Info (10041): Inferred latch for "A[6]" at adder_tree_multiplier_with_en.v(23) File: C:/Users/ADMIN/Documents/FPGA/Lab6/adder_tree_multiplier_with_en.v Line: 23
Info (10041): Inferred latch for "A[7]" at adder_tree_multiplier_with_en.v(23) File: C:/Users/ADMIN/Documents/FPGA/Lab6/adder_tree_multiplier_with_en.v Line: 23
Info (12128): Elaborating entity "adder_tree_multiplier" for hierarchy "adder_tree_multiplier_with_en:A0|adder_tree_multiplier:A0" File: C:/Users/ADMIN/Documents/FPGA/Lab6/adder_tree_multiplier_with_en.v Line: 39
Info (12128): Elaborating entity "full_adder" for hierarchy "adder_tree_multiplier_with_en:A0|adder_tree_multiplier:A0|full_adder:F01" File: C:/Users/ADMIN/Documents/FPGA/Lab6/adder_tree_multiplier.v Line: 27
Info (12128): Elaborating entity "full_adder" for hierarchy "adder_tree_multiplier_with_en:A0|adder_tree_multiplier:A0|full_adder:F11" File: C:/Users/ADMIN/Documents/FPGA/Lab6/adder_tree_multiplier.v Line: 33
Info (12128): Elaborating entity "full_adder" for hierarchy "adder_tree_multiplier_with_en:A0|adder_tree_multiplier:A0|full_adder:F21" File: C:/Users/ADMIN/Documents/FPGA/Lab6/adder_tree_multiplier.v Line: 39
Info (12128): Elaborating entity "displayHEX" for hierarchy "displayHEX:H0" File: C:/Users/ADMIN/Documents/FPGA/Lab6/Part5.v Line: 12
Warning (12241): 7 hierarchies have connectivity warnings - see the Connectivity Checks report folder
Info (286030): Timing-Driven Synthesis is running
Info (16010): Generating hard_block partition "hard_block:auto_generated_inst"
    Info (16011): Adding 0 node(s), including 0 DDIO, 0 PLL, 0 transceiver and 0 LCELL
Info (21057): Implemented 228 device resources after synthesis - the final resource count might be different
    Info (21058): Implemented 12 input pins
    Info (21059): Implemented 36 output pins
    Info (21061): Implemented 180 logic cells
Info: Quartus Prime Analysis & Synthesis was successful. 0 errors, 4 warnings
    Info: Peak virtual memory: 4875 megabytes
    Info: Processing ended: Tue Dec 20 16:16:23 2022
    Info: Elapsed time: 00:00:05
    Info: Total CPU time (on all processors): 00:00:06


